loaded graph marvel

path from INVISIBLE-WOMAN/SUE to SABRA/RUTH-BAT-SERAP:
INVISIBLE-WOMAN/SUE to SABRA/RUTH-BAT-SERAP via COC-3
path from SPIDER-MAN/PETER-PAR to MR.-FANTASTIC/REED-R:
SPIDER-MAN/PETER-PAR to MR.-FANTASTIC/REED-R via Q-23