# test that a graph that is created can have no influence on the graghs that exist.

# Create a graph
created graph graph1

# Print the nodes in the graph
graph1 contains:

# Create another graph
created graph graph2

# Print the nodes in the second graph
graph2 contains:

# Print the nodes in the first graph to make sure it is not affected
graph1 contains: