# Test that an empty graph can be created.

# Create a graph
created graph graph1