# test whether multiple nodes can be listed correctly.

# Create a graph
created graph graph1

# Add a node
added node n1 to graph1

# Add a node
added node n2 to graph1

# Print the nodes in the graph
graph1 contains: n1 n2