# test that whether the node in empty graph can be listed correctly.

# Create a graph
created graph graph1

# Print the nodes in the graph
graph1 contains: 