# test whether the children of a node with many children can be listed correctly.

created graph A
added node n1 to A
added node n2 to A
added node n3 to A
added edge e31 from n3 to n1 in A
added edge e13 from n1 to n3 in A
added edge e12 from n1 to n2 in A
the children of n1 in A are: n2(e12) n3(e13)

