# test path find with unknown start or destination

created graph g

added node n1 to g
added node n2 to g
added node n3 to g
added edge 135.798 from n1 to n2 in g

path from n1 to n2:
n1 to n2 with weight 135.798
total cost: 135.798

path from n1 to n3:
no path found

unknown: x

unknown: x

unknown: x
unknown: y

unknown: y
unknown: x

unknown: x
unknown: x

