# test a path that start from a node and end with the same node.

created graph g

added node n1 to g
added node n2 to g
added node n3 to g
added edge 135.798 from n1 to n2 in g

path from n1 to n1:
total cost: 0.000